[backblue.gif]
[fade.gif]
[index.html]
[easycable.co.kr/index.html]
[easycable.co.kr/assets/shot-editor.jpg]
[easycable.co.kr/assets/icon-180.png]
[easycable.co.kr/assets/hero-poster.webp]
[easycable.co.kr/assets/hero.mp4]
[easycable.co.kr/assets/compare.mp4]
[easycable.co.kr/assets/compare-poster.webp]
[easycable.co.kr/assets/feat-part.mp4]
[easycable.co.kr/assets/feat-part-poster.webp]
[easycable.co.kr/assets/feat-bom.mp4]
[easycable.co.kr/assets/feat-bom-poster.webp]
[easycable.co.kr/assets/feat-pdf.mp4]
[easycable.co.kr/assets/feat-pdf-poster.webp]
[easycable.co.kr/indexd41d.html]
[easycable.co.kr/assets/favicon.svg]
[easycable.co.kr/landing0229.css]
[easycable.co.kr/auth97e4.css]
[easycable.co.kr/assets/logo.svg]
[easycable.co.kr/pricing.html]
[easycable.co.kr/cdn-cgi/l/email-protection.html]
[easycable.co.kr/app.html]
[easycable.co.kr/appdd48.html]
[easycable.co.kr/app91b9.html]
[easycable.co.kr/checkout5f75.html]
[easycable.co.kr/checkouta962.html]
[easycable.co.kr/terms.html]
[easycable.co.kr/privacy.html]
[easycable.co.kr/cdn-cgi/scripts/5c5dd728/cloudflare-static/email-decode.min.js]
[easycable.co.kr/js/freegatea79f.js]
[easycable.co.kr/js/flagsbb7a.js]
[easycable.co.kr/js/i18n2452.js]
[easycable.co.kr/js/authmodaleda8.js]
[easycable.co.kr/js/auth0630.js]
[easycable.co.kr/js/landing-videoe377.js]
